// Jest Snapshot v1, https://goo.gl/fbAQLP

exports[`noSandbox custom ErrorHandler allows graceful handling of NullishCommandResultError 1`] = `
"<?xml version="1.0" encoding="UTF-8" standalone="yes"?>
<w:document xmlns:wpc="http://schemas.microsoft.com/office/word/2010/wordprocessingCanvas" xmlns:cx="http://schemas.microsoft.com/office/drawing/2014/chartex" xmlns:cx1="http://schemas.microsoft.com/office/drawing/2015/9/8/chartex" xmlns:cx2="http://schemas.microsoft.com/office/drawing/2015/10/21/chartex" xmlns:cx3="http://schemas.microsoft.com/office/drawing/2016/5/9/chartex" xmlns:cx4="http://schemas.microsoft.com/office/drawing/2016/5/10/chartex" xmlns:cx5="http://schemas.microsoft.com/office/drawing/2016/5/11/chartex" xmlns:cx6="http://schemas.microsoft.com/office/drawing/2016/5/12/chartex" xmlns:cx7="http://schemas.microsoft.com/office/drawing/2016/5/13/chartex" xmlns:cx8="http://schemas.microsoft.com/office/drawing/2016/5/14/chartex" xmlns:mc="http://schemas.openxmlformats.org/markup-compatibility/2006" xmlns:aink="http://schemas.microsoft.com/office/drawing/2016/ink" xmlns:am3d="http://schemas.microsoft.com/office/drawing/2017/model3d" xmlns:o="urn:schemas-microsoft-com:office:office" xmlns:r="http://schemas.openxmlformats.org/officeDocument/2006/relationships" xmlns:m="http://schemas.openxmlformats.org/officeDocument/2006/math" xmlns:v="urn:schemas-microsoft-com:vml" xmlns:wp14="http://schemas.microsoft.com/office/word/2010/wordprocessingDrawing" xmlns:wp="http://schemas.openxmlformats.org/drawingml/2006/wordprocessingDrawing" xmlns:w10="urn:schemas-microsoft-com:office:word" xmlns:w="http://schemas.openxmlformats.org/wordprocessingml/2006/main" xmlns:w14="http://schemas.microsoft.com/office/word/2010/wordml" xmlns:w15="http://schemas.microsoft.com/office/word/2012/wordml" xmlns:w16cid="http://schemas.microsoft.com/office/word/2016/wordml/cid" xmlns:w16se="http://schemas.microsoft.com/office/word/2015/wordml/symex" xmlns:wpg="http://schemas.microsoft.com/office/word/2010/wordprocessingGroup" xmlns:wpi="http://schemas.microsoft.com/office/word/2010/wordprocessingInk" xmlns:wne="http://schemas.microsoft.com/office/word/2006/wordml" xmlns:wps="http://schemas.microsoft.com/office/word/2010/wordprocessingShape" mc:Ignorable="w14 w15 w16se w16cid wp14">
  <w:body>
    <w:p w14:paraId="3F0B5C58" w14:textId="6F568B18" w:rsidR="00F35C33" w:rsidRDefault="00D81685">
      <w:pPr>
        <w:rPr>
          <w:lang w:val="nl-NL"/>
        </w:rPr>
      </w:pPr>
      <w:r>
        <w:rPr>
          <w:lang w:val="nl-NL"/>
        </w:rPr>
        <w:t xml:space="preserve">Error: Result of command testobj.value is null or undefined and rejectNullish is set</w:t>
      </w:r>
      <w:bookmarkStart w:id="0" w:name="_GoBack"/>
      <w:bookmarkEnd w:id="0"/>
      <w:r>
        <w:rPr>
          <w:lang w:val="nl-NL"/>
        </w:rPr>
        <w:t xml:space="preserve"></w:t>
      </w:r>
    </w:p>
    <w:p w14:paraId="5AFBB39A" w14:textId="7977431C" w:rsidR="00D81685" w:rsidRPr="00D81685" w:rsidRDefault="00D81685" w:rsidP="00D81685">
      <w:pPr>
        <w:rPr>
          <w:lang w:val="nl-NL"/>
        </w:rPr>
      </w:pPr>
      <w:r>
        <w:rPr>
          <w:lang w:val="nl-NL"/>
        </w:rPr>
        <w:t xml:space="preserve">second value!</w:t>
      </w:r>
      <w:r>
        <w:rPr>
          <w:lang w:val="nl-NL"/>
        </w:rPr>
        <w:t xml:space="preserve"></w:t>
      </w:r>
      <w:r>
        <w:rPr>
          <w:lang w:val="nl-NL"/>
        </w:rPr>
        <w:t xml:space="preserve"></w:t>
      </w:r>
    </w:p>
    <w:p w14:paraId="3719270B" w14:textId="77777777" w:rsidR="00D81685" w:rsidRPr="00D81685" w:rsidRDefault="00D81685">
      <w:pPr>
        <w:rPr>
          <w:lang w:val="nl-NL"/>
        </w:rPr>
      </w:pPr>
    </w:p>
    <w:sectPr w:rsidR="00D81685" w:rsidRPr="00D81685" w:rsidSect="0019199C">
      <w:pgSz w:w="11900" w:h="16840"/>
      <w:pgMar w:top="1440" w:right="1440" w:bottom="1440" w:left="1440" w:header="708" w:footer="708" w:gutter="0"/>
      <w:cols w:space="708"/>
      <w:docGrid w:linePitch="360"/>
    </w:sectPr>
  </w:body>
</w:document>"
`;

exports[`noSandbox custom ErrorHandler handles arbitrary errors occurring in command execution 1`] = `
"<?xml version="1.0" encoding="UTF-8" standalone="yes"?>
<w:document xmlns:wpc="http://schemas.microsoft.com/office/word/2010/wordprocessingCanvas" xmlns:cx="http://schemas.microsoft.com/office/drawing/2014/chartex" xmlns:cx1="http://schemas.microsoft.com/office/drawing/2015/9/8/chartex" xmlns:cx2="http://schemas.microsoft.com/office/drawing/2015/10/21/chartex" xmlns:cx3="http://schemas.microsoft.com/office/drawing/2016/5/9/chartex" xmlns:cx4="http://schemas.microsoft.com/office/drawing/2016/5/10/chartex" xmlns:cx5="http://schemas.microsoft.com/office/drawing/2016/5/11/chartex" xmlns:cx6="http://schemas.microsoft.com/office/drawing/2016/5/12/chartex" xmlns:cx7="http://schemas.microsoft.com/office/drawing/2016/5/13/chartex" xmlns:cx8="http://schemas.microsoft.com/office/drawing/2016/5/14/chartex" xmlns:mc="http://schemas.openxmlformats.org/markup-compatibility/2006" xmlns:aink="http://schemas.microsoft.com/office/drawing/2016/ink" xmlns:am3d="http://schemas.microsoft.com/office/drawing/2017/model3d" xmlns:o="urn:schemas-microsoft-com:office:office" xmlns:r="http://schemas.openxmlformats.org/officeDocument/2006/relationships" xmlns:m="http://schemas.openxmlformats.org/officeDocument/2006/math" xmlns:v="urn:schemas-microsoft-com:vml" xmlns:wp14="http://schemas.microsoft.com/office/word/2010/wordprocessingDrawing" xmlns:wp="http://schemas.openxmlformats.org/drawingml/2006/wordprocessingDrawing" xmlns:w10="urn:schemas-microsoft-com:office:word" xmlns:w="http://schemas.openxmlformats.org/wordprocessingml/2006/main" xmlns:w14="http://schemas.microsoft.com/office/word/2010/wordml" xmlns:w15="http://schemas.microsoft.com/office/word/2012/wordml" xmlns:w16cid="http://schemas.microsoft.com/office/word/2016/wordml/cid" xmlns:w16se="http://schemas.microsoft.com/office/word/2015/wordml/symex" xmlns:wpg="http://schemas.microsoft.com/office/word/2010/wordprocessingGroup" xmlns:wpi="http://schemas.microsoft.com/office/word/2010/wordprocessingInk" xmlns:wne="http://schemas.microsoft.com/office/word/2006/wordml" xmlns:wps="http://schemas.microsoft.com/office/word/2010/wordprocessingShape" mc:Ignorable="w14 w15 w16se w16cid wp14">
  <w:body>
    <w:p w14:paraId="52DAE836" w14:textId="35F10B17" w:rsidR="00A954E6" w:rsidRPr="00537D95" w:rsidRDefault="00A954E6" w:rsidP="00A954E6">
      <w:bookmarkStart w:id="0" w:name="_GoBack"/>
      <w:r w:rsidRPr="00537D95">
        <w:t xml:space="preserve">no problem dude</w:t>
      </w:r>
      <w:r>
        <w:t xml:space="preserve"></w:t>
      </w:r>
      <w:r w:rsidRPr="00537D95">
        <w:t xml:space="preserve"></w:t>
      </w:r>
    </w:p>
    <w:bookmarkEnd w:id="0"/>
    <w:p w14:paraId="35401385" w14:textId="7B1795CE" w:rsidR="00413949" w:rsidRPr="00A954E6" w:rsidRDefault="00413949" w:rsidP="00A954E6"/>
    <w:sectPr w:rsidR="00413949" w:rsidRPr="00A954E6">
      <w:pgSz w:w="12240" w:h="15840"/>
      <w:pgMar w:top="1417" w:right="1701" w:bottom="1417" w:left="1701" w:header="708" w:footer="708" w:gutter="0"/>
      <w:cols w:space="708"/>
      <w:docGrid w:linePitch="360"/>
    </w:sectPr>
  </w:body>
</w:document>"
`;

exports[`noSandbox custom ErrorHandler properly handles InvalidCommandError 1`] = `
"<?xml version="1.0" encoding="UTF-8" standalone="yes"?>
<w:document xmlns:wpc="http://schemas.microsoft.com/office/word/2010/wordprocessingCanvas" xmlns:cx="http://schemas.microsoft.com/office/drawing/2014/chartex" xmlns:cx1="http://schemas.microsoft.com/office/drawing/2015/9/8/chartex" xmlns:cx2="http://schemas.microsoft.com/office/drawing/2015/10/21/chartex" xmlns:cx3="http://schemas.microsoft.com/office/drawing/2016/5/9/chartex" xmlns:cx4="http://schemas.microsoft.com/office/drawing/2016/5/10/chartex" xmlns:cx5="http://schemas.microsoft.com/office/drawing/2016/5/11/chartex" xmlns:cx6="http://schemas.microsoft.com/office/drawing/2016/5/12/chartex" xmlns:cx7="http://schemas.microsoft.com/office/drawing/2016/5/13/chartex" xmlns:cx8="http://schemas.microsoft.com/office/drawing/2016/5/14/chartex" xmlns:mc="http://schemas.openxmlformats.org/markup-compatibility/2006" xmlns:aink="http://schemas.microsoft.com/office/drawing/2016/ink" xmlns:am3d="http://schemas.microsoft.com/office/drawing/2017/model3d" xmlns:o="urn:schemas-microsoft-com:office:office" xmlns:r="http://schemas.openxmlformats.org/officeDocument/2006/relationships" xmlns:m="http://schemas.openxmlformats.org/officeDocument/2006/math" xmlns:v="urn:schemas-microsoft-com:vml" xmlns:wp14="http://schemas.microsoft.com/office/word/2010/wordprocessingDrawing" xmlns:wp="http://schemas.openxmlformats.org/drawingml/2006/wordprocessingDrawing" xmlns:w10="urn:schemas-microsoft-com:office:word" xmlns:w="http://schemas.openxmlformats.org/wordprocessingml/2006/main" xmlns:w14="http://schemas.microsoft.com/office/word/2010/wordml" xmlns:w15="http://schemas.microsoft.com/office/word/2012/wordml" xmlns:w16cid="http://schemas.microsoft.com/office/word/2016/wordml/cid" xmlns:w16se="http://schemas.microsoft.com/office/word/2015/wordml/symex" xmlns:wpg="http://schemas.microsoft.com/office/word/2010/wordprocessingGroup" xmlns:wpi="http://schemas.microsoft.com/office/word/2010/wordprocessingInk" xmlns:wne="http://schemas.microsoft.com/office/word/2006/wordml" xmlns:wps="http://schemas.microsoft.com/office/word/2010/wordprocessingShape" mc:Ignorable="w14 w15 w16se w16cid wp14">
  <w:body>
    <w:p w14:paraId="25CE4A56" w14:textId="12830165" w:rsidR="00257AA2" w:rsidRDefault="00257AA2" w:rsidP="00257AA2">
      <w:r>
        <w:t xml:space="preserve">Error:</w:t>
      </w:r>
    </w:p>
    <w:p w14:paraId="60A04E47" w14:textId="2D4C8860" w:rsidR="00257AA2" w:rsidRDefault="00257AA2" w:rsidP="00257AA2">
      <w:r>
        <w:t xml:space="preserve">ReferenceError: notavailable is not defined</w:t>
      </w:r>
      <w:proofErr w:type="spellStart"/>
      <w:r>
        <w:t xml:space="preserve"></w:t>
      </w:r>
      <w:proofErr w:type="spellEnd"/>
      <w:r>
        <w:t xml:space="preserve"></w:t>
      </w:r>
    </w:p>
    <w:p w14:paraId="6C18A250" w14:textId="6D8A5112" w:rsidR="000F3664" w:rsidRDefault="000F3664" w:rsidP="00257AA2"/>
    <w:p w14:paraId="6E5519D2" w14:textId="5DB8C384" w:rsidR="000F3664" w:rsidRDefault="000F3664" w:rsidP="00257AA2">
      <w:r>
        <w:t xml:space="preserve">Error:</w:t>
      </w:r>
    </w:p>
    <w:p w14:paraId="20A8246E" w14:textId="77777777" w:rsidR="000F3664" w:rsidRDefault="000F3664" w:rsidP="000F3664">
      <w:r>
        <w:t xml:space="preserve">ReferenceError: something is not defined</w:t>
      </w:r>
    </w:p>
    <w:p w14:paraId="1584BF35" w14:textId="52D65C7B" w:rsidR="000F3664" w:rsidRDefault="000F3664" w:rsidP="00257AA2"/>
    <w:p w14:paraId="04A6C59C" w14:textId="31466F18" w:rsidR="000F3664" w:rsidRDefault="000F3664" w:rsidP="00257AA2">
      <w:r>
        <w:t xml:space="preserve">Correct:</w:t>
      </w:r>
    </w:p>
    <w:p w14:paraId="6AF2A9B5" w14:textId="77777777" w:rsidR="000F3664" w:rsidRDefault="000F3664" w:rsidP="000F3664">
      <w:r>
        <w:t xml:space="preserve">FIRST</w:t>
      </w:r>
    </w:p>
    <w:p w14:paraId="6AF2A9B5" w14:textId="77777777" w:rsidR="000F3664" w:rsidRDefault="000F3664" w:rsidP="000F3664">
      <w:r>
        <w:t xml:space="preserve">SECOND</w:t>
      </w:r>
    </w:p>
    <w:p w14:paraId="6AF2A9B5" w14:textId="77777777" w:rsidR="000F3664" w:rsidRDefault="000F3664" w:rsidP="000F3664">
      <w:r>
        <w:t xml:space="preserve">THIRD</w:t>
      </w:r>
    </w:p>
    <w:p w14:paraId="5D2C8BCB" w14:textId="0D718F4F" w:rsidR="00257AA2" w:rsidRDefault="00257AA2" w:rsidP="00DB2764"/>
    <w:p w14:paraId="589378FA" w14:textId="21FBC58C" w:rsidR="00257AA2" w:rsidRDefault="00257AA2" w:rsidP="00DB2764">
      <w:r>
        <w:t xml:space="preserve">Error</w:t>
      </w:r>
      <w:r w:rsidR="000F3664">
        <w:t xml:space="preserve">:</w:t>
      </w:r>
      <w:r>
        <w:t xml:space="preserve"> (</w:t>
      </w:r>
      <w:r w:rsidR="003E2DAE">
        <w:t xml:space="preserve">invalid END-IF location</w:t>
      </w:r>
      <w:r>
        <w:t xml:space="preserve">):</w:t>
      </w:r>
    </w:p>
    <w:sectPr w:rsidR="0034542D">
      <w:pgSz w:w="12240" w:h="15840"/>
      <w:pgMar w:top="1417" w:right="1701" w:bottom="1417" w:left="1701" w:header="708" w:footer="708" w:gutter="0"/>
      <w:cols w:space="708"/>
      <w:docGrid w:linePitch="360"/>
    </w:sectPr>
  </w:body>
</w:document>"
`;

exports[`noSandbox rejectNullish setting IMAGE 1`] = `"Result of command qr(\`some random string\`) is null or undefined and rejectNullish is set"`;

exports[`sandbox custom ErrorHandler allows graceful handling of NullishCommandResultError 1`] = `
"<?xml version="1.0" encoding="UTF-8" standalone="yes"?>
<w:document xmlns:wpc="http://schemas.microsoft.com/office/word/2010/wordprocessingCanvas" xmlns:cx="http://schemas.microsoft.com/office/drawing/2014/chartex" xmlns:cx1="http://schemas.microsoft.com/office/drawing/2015/9/8/chartex" xmlns:cx2="http://schemas.microsoft.com/office/drawing/2015/10/21/chartex" xmlns:cx3="http://schemas.microsoft.com/office/drawing/2016/5/9/chartex" xmlns:cx4="http://schemas.microsoft.com/office/drawing/2016/5/10/chartex" xmlns:cx5="http://schemas.microsoft.com/office/drawing/2016/5/11/chartex" xmlns:cx6="http://schemas.microsoft.com/office/drawing/2016/5/12/chartex" xmlns:cx7="http://schemas.microsoft.com/office/drawing/2016/5/13/chartex" xmlns:cx8="http://schemas.microsoft.com/office/drawing/2016/5/14/chartex" xmlns:mc="http://schemas.openxmlformats.org/markup-compatibility/2006" xmlns:aink="http://schemas.microsoft.com/office/drawing/2016/ink" xmlns:am3d="http://schemas.microsoft.com/office/drawing/2017/model3d" xmlns:o="urn:schemas-microsoft-com:office:office" xmlns:r="http://schemas.openxmlformats.org/officeDocument/2006/relationships" xmlns:m="http://schemas.openxmlformats.org/officeDocument/2006/math" xmlns:v="urn:schemas-microsoft-com:vml" xmlns:wp14="http://schemas.microsoft.com/office/word/2010/wordprocessingDrawing" xmlns:wp="http://schemas.openxmlformats.org/drawingml/2006/wordprocessingDrawing" xmlns:w10="urn:schemas-microsoft-com:office:word" xmlns:w="http://schemas.openxmlformats.org/wordprocessingml/2006/main" xmlns:w14="http://schemas.microsoft.com/office/word/2010/wordml" xmlns:w15="http://schemas.microsoft.com/office/word/2012/wordml" xmlns:w16cid="http://schemas.microsoft.com/office/word/2016/wordml/cid" xmlns:w16se="http://schemas.microsoft.com/office/word/2015/wordml/symex" xmlns:wpg="http://schemas.microsoft.com/office/word/2010/wordprocessingGroup" xmlns:wpi="http://schemas.microsoft.com/office/word/2010/wordprocessingInk" xmlns:wne="http://schemas.microsoft.com/office/word/2006/wordml" xmlns:wps="http://schemas.microsoft.com/office/word/2010/wordprocessingShape" mc:Ignorable="w14 w15 w16se w16cid wp14">
  <w:body>
    <w:p w14:paraId="3F0B5C58" w14:textId="6F568B18" w:rsidR="00F35C33" w:rsidRDefault="00D81685">
      <w:pPr>
        <w:rPr>
          <w:lang w:val="nl-NL"/>
        </w:rPr>
      </w:pPr>
      <w:r>
        <w:rPr>
          <w:lang w:val="nl-NL"/>
        </w:rPr>
        <w:t xml:space="preserve">Error: Result of command testobj.value is null or undefined and rejectNullish is set</w:t>
      </w:r>
      <w:bookmarkStart w:id="0" w:name="_GoBack"/>
      <w:bookmarkEnd w:id="0"/>
      <w:r>
        <w:rPr>
          <w:lang w:val="nl-NL"/>
        </w:rPr>
        <w:t xml:space="preserve"></w:t>
      </w:r>
    </w:p>
    <w:p w14:paraId="5AFBB39A" w14:textId="7977431C" w:rsidR="00D81685" w:rsidRPr="00D81685" w:rsidRDefault="00D81685" w:rsidP="00D81685">
      <w:pPr>
        <w:rPr>
          <w:lang w:val="nl-NL"/>
        </w:rPr>
      </w:pPr>
      <w:r>
        <w:rPr>
          <w:lang w:val="nl-NL"/>
        </w:rPr>
        <w:t xml:space="preserve">second value!</w:t>
      </w:r>
      <w:r>
        <w:rPr>
          <w:lang w:val="nl-NL"/>
        </w:rPr>
        <w:t xml:space="preserve"></w:t>
      </w:r>
      <w:r>
        <w:rPr>
          <w:lang w:val="nl-NL"/>
        </w:rPr>
        <w:t xml:space="preserve"></w:t>
      </w:r>
    </w:p>
    <w:p w14:paraId="3719270B" w14:textId="77777777" w:rsidR="00D81685" w:rsidRPr="00D81685" w:rsidRDefault="00D81685">
      <w:pPr>
        <w:rPr>
          <w:lang w:val="nl-NL"/>
        </w:rPr>
      </w:pPr>
    </w:p>
    <w:sectPr w:rsidR="00D81685" w:rsidRPr="00D81685" w:rsidSect="0019199C">
      <w:pgSz w:w="11900" w:h="16840"/>
      <w:pgMar w:top="1440" w:right="1440" w:bottom="1440" w:left="1440" w:header="708" w:footer="708" w:gutter="0"/>
      <w:cols w:space="708"/>
      <w:docGrid w:linePitch="360"/>
    </w:sectPr>
  </w:body>
</w:document>"
`;

exports[`sandbox custom ErrorHandler handles arbitrary errors occurring in command execution 1`] = `
"<?xml version="1.0" encoding="UTF-8" standalone="yes"?>
<w:document xmlns:wpc="http://schemas.microsoft.com/office/word/2010/wordprocessingCanvas" xmlns:cx="http://schemas.microsoft.com/office/drawing/2014/chartex" xmlns:cx1="http://schemas.microsoft.com/office/drawing/2015/9/8/chartex" xmlns:cx2="http://schemas.microsoft.com/office/drawing/2015/10/21/chartex" xmlns:cx3="http://schemas.microsoft.com/office/drawing/2016/5/9/chartex" xmlns:cx4="http://schemas.microsoft.com/office/drawing/2016/5/10/chartex" xmlns:cx5="http://schemas.microsoft.com/office/drawing/2016/5/11/chartex" xmlns:cx6="http://schemas.microsoft.com/office/drawing/2016/5/12/chartex" xmlns:cx7="http://schemas.microsoft.com/office/drawing/2016/5/13/chartex" xmlns:cx8="http://schemas.microsoft.com/office/drawing/2016/5/14/chartex" xmlns:mc="http://schemas.openxmlformats.org/markup-compatibility/2006" xmlns:aink="http://schemas.microsoft.com/office/drawing/2016/ink" xmlns:am3d="http://schemas.microsoft.com/office/drawing/2017/model3d" xmlns:o="urn:schemas-microsoft-com:office:office" xmlns:r="http://schemas.openxmlformats.org/officeDocument/2006/relationships" xmlns:m="http://schemas.openxmlformats.org/officeDocument/2006/math" xmlns:v="urn:schemas-microsoft-com:vml" xmlns:wp14="http://schemas.microsoft.com/office/word/2010/wordprocessingDrawing" xmlns:wp="http://schemas.openxmlformats.org/drawingml/2006/wordprocessingDrawing" xmlns:w10="urn:schemas-microsoft-com:office:word" xmlns:w="http://schemas.openxmlformats.org/wordprocessingml/2006/main" xmlns:w14="http://schemas.microsoft.com/office/word/2010/wordml" xmlns:w15="http://schemas.microsoft.com/office/word/2012/wordml" xmlns:w16cid="http://schemas.microsoft.com/office/word/2016/wordml/cid" xmlns:w16se="http://schemas.microsoft.com/office/word/2015/wordml/symex" xmlns:wpg="http://schemas.microsoft.com/office/word/2010/wordprocessingGroup" xmlns:wpi="http://schemas.microsoft.com/office/word/2010/wordprocessingInk" xmlns:wne="http://schemas.microsoft.com/office/word/2006/wordml" xmlns:wps="http://schemas.microsoft.com/office/word/2010/wordprocessingShape" mc:Ignorable="w14 w15 w16se w16cid wp14">
  <w:body>
    <w:p w14:paraId="52DAE836" w14:textId="35F10B17" w:rsidR="00A954E6" w:rsidRPr="00537D95" w:rsidRDefault="00A954E6" w:rsidP="00A954E6">
      <w:bookmarkStart w:id="0" w:name="_GoBack"/>
      <w:r w:rsidRPr="00537D95">
        <w:t xml:space="preserve">no problem dude</w:t>
      </w:r>
      <w:r>
        <w:t xml:space="preserve"></w:t>
      </w:r>
      <w:r w:rsidRPr="00537D95">
        <w:t xml:space="preserve"></w:t>
      </w:r>
    </w:p>
    <w:bookmarkEnd w:id="0"/>
    <w:p w14:paraId="35401385" w14:textId="7B1795CE" w:rsidR="00413949" w:rsidRPr="00A954E6" w:rsidRDefault="00413949" w:rsidP="00A954E6"/>
    <w:sectPr w:rsidR="00413949" w:rsidRPr="00A954E6">
      <w:pgSz w:w="12240" w:h="15840"/>
      <w:pgMar w:top="1417" w:right="1701" w:bottom="1417" w:left="1701" w:header="708" w:footer="708" w:gutter="0"/>
      <w:cols w:space="708"/>
      <w:docGrid w:linePitch="360"/>
    </w:sectPr>
  </w:body>
</w:document>"
`;

exports[`sandbox custom ErrorHandler properly handles InvalidCommandError 1`] = `
"<?xml version="1.0" encoding="UTF-8" standalone="yes"?>
<w:document xmlns:wpc="http://schemas.microsoft.com/office/word/2010/wordprocessingCanvas" xmlns:cx="http://schemas.microsoft.com/office/drawing/2014/chartex" xmlns:cx1="http://schemas.microsoft.com/office/drawing/2015/9/8/chartex" xmlns:cx2="http://schemas.microsoft.com/office/drawing/2015/10/21/chartex" xmlns:cx3="http://schemas.microsoft.com/office/drawing/2016/5/9/chartex" xmlns:cx4="http://schemas.microsoft.com/office/drawing/2016/5/10/chartex" xmlns:cx5="http://schemas.microsoft.com/office/drawing/2016/5/11/chartex" xmlns:cx6="http://schemas.microsoft.com/office/drawing/2016/5/12/chartex" xmlns:cx7="http://schemas.microsoft.com/office/drawing/2016/5/13/chartex" xmlns:cx8="http://schemas.microsoft.com/office/drawing/2016/5/14/chartex" xmlns:mc="http://schemas.openxmlformats.org/markup-compatibility/2006" xmlns:aink="http://schemas.microsoft.com/office/drawing/2016/ink" xmlns:am3d="http://schemas.microsoft.com/office/drawing/2017/model3d" xmlns:o="urn:schemas-microsoft-com:office:office" xmlns:r="http://schemas.openxmlformats.org/officeDocument/2006/relationships" xmlns:m="http://schemas.openxmlformats.org/officeDocument/2006/math" xmlns:v="urn:schemas-microsoft-com:vml" xmlns:wp14="http://schemas.microsoft.com/office/word/2010/wordprocessingDrawing" xmlns:wp="http://schemas.openxmlformats.org/drawingml/2006/wordprocessingDrawing" xmlns:w10="urn:schemas-microsoft-com:office:word" xmlns:w="http://schemas.openxmlformats.org/wordprocessingml/2006/main" xmlns:w14="http://schemas.microsoft.com/office/word/2010/wordml" xmlns:w15="http://schemas.microsoft.com/office/word/2012/wordml" xmlns:w16cid="http://schemas.microsoft.com/office/word/2016/wordml/cid" xmlns:w16se="http://schemas.microsoft.com/office/word/2015/wordml/symex" xmlns:wpg="http://schemas.microsoft.com/office/word/2010/wordprocessingGroup" xmlns:wpi="http://schemas.microsoft.com/office/word/2010/wordprocessingInk" xmlns:wne="http://schemas.microsoft.com/office/word/2006/wordml" xmlns:wps="http://schemas.microsoft.com/office/word/2010/wordprocessingShape" mc:Ignorable="w14 w15 w16se w16cid wp14">
  <w:body>
    <w:p w14:paraId="25CE4A56" w14:textId="12830165" w:rsidR="00257AA2" w:rsidRDefault="00257AA2" w:rsidP="00257AA2">
      <w:r>
        <w:t xml:space="preserve">Error:</w:t>
      </w:r>
    </w:p>
    <w:p w14:paraId="60A04E47" w14:textId="2D4C8860" w:rsidR="00257AA2" w:rsidRDefault="00257AA2" w:rsidP="00257AA2">
      <w:r>
        <w:t xml:space="preserve">Error: ReferenceError: notavailable is not defined</w:t>
      </w:r>
      <w:proofErr w:type="spellStart"/>
      <w:r>
        <w:t xml:space="preserve"></w:t>
      </w:r>
      <w:proofErr w:type="spellEnd"/>
      <w:r>
        <w:t xml:space="preserve"></w:t>
      </w:r>
    </w:p>
    <w:p w14:paraId="6C18A250" w14:textId="6D8A5112" w:rsidR="000F3664" w:rsidRDefault="000F3664" w:rsidP="00257AA2"/>
    <w:p w14:paraId="6E5519D2" w14:textId="5DB8C384" w:rsidR="000F3664" w:rsidRDefault="000F3664" w:rsidP="00257AA2">
      <w:r>
        <w:t xml:space="preserve">Error:</w:t>
      </w:r>
    </w:p>
    <w:p w14:paraId="20A8246E" w14:textId="77777777" w:rsidR="000F3664" w:rsidRDefault="000F3664" w:rsidP="000F3664">
      <w:r>
        <w:t xml:space="preserve">Error: ReferenceError: something is not defined</w:t>
      </w:r>
    </w:p>
    <w:p w14:paraId="1584BF35" w14:textId="52D65C7B" w:rsidR="000F3664" w:rsidRDefault="000F3664" w:rsidP="00257AA2"/>
    <w:p w14:paraId="04A6C59C" w14:textId="31466F18" w:rsidR="000F3664" w:rsidRDefault="000F3664" w:rsidP="00257AA2">
      <w:r>
        <w:t xml:space="preserve">Correct:</w:t>
      </w:r>
    </w:p>
    <w:p w14:paraId="6AF2A9B5" w14:textId="77777777" w:rsidR="000F3664" w:rsidRDefault="000F3664" w:rsidP="000F3664">
      <w:r>
        <w:t xml:space="preserve">FIRST</w:t>
      </w:r>
    </w:p>
    <w:p w14:paraId="6AF2A9B5" w14:textId="77777777" w:rsidR="000F3664" w:rsidRDefault="000F3664" w:rsidP="000F3664">
      <w:r>
        <w:t xml:space="preserve">SECOND</w:t>
      </w:r>
    </w:p>
    <w:p w14:paraId="6AF2A9B5" w14:textId="77777777" w:rsidR="000F3664" w:rsidRDefault="000F3664" w:rsidP="000F3664">
      <w:r>
        <w:t xml:space="preserve">THIRD</w:t>
      </w:r>
    </w:p>
    <w:p w14:paraId="5D2C8BCB" w14:textId="0D718F4F" w:rsidR="00257AA2" w:rsidRDefault="00257AA2" w:rsidP="00DB2764"/>
    <w:p w14:paraId="589378FA" w14:textId="21FBC58C" w:rsidR="00257AA2" w:rsidRDefault="00257AA2" w:rsidP="00DB2764">
      <w:r>
        <w:t xml:space="preserve">Error</w:t>
      </w:r>
      <w:r w:rsidR="000F3664">
        <w:t xml:space="preserve">:</w:t>
      </w:r>
      <w:r>
        <w:t xml:space="preserve"> (</w:t>
      </w:r>
      <w:r w:rsidR="003E2DAE">
        <w:t xml:space="preserve">invalid END-IF location</w:t>
      </w:r>
      <w:r>
        <w:t xml:space="preserve">):</w:t>
      </w:r>
    </w:p>
    <w:sectPr w:rsidR="0034542D">
      <w:pgSz w:w="12240" w:h="15840"/>
      <w:pgMar w:top="1417" w:right="1701" w:bottom="1417" w:left="1701" w:header="708" w:footer="708" w:gutter="0"/>
      <w:cols w:space="708"/>
      <w:docGrid w:linePitch="360"/>
    </w:sectPr>
  </w:body>
</w:document>"
`;

exports[`sandbox rejectNullish setting IMAGE 1`] = `"Result of command qr(\`some random string\`) is null or undefined and rejectNullish is set"`;

exports[`throw when result of INS command is an object 1`] = `"Result of command 'companies' is an object"`;

exports[`throw when result of INS command is an object 2`] = `"Result of command 'companies' is an object"`;

exports[`throw when user tries to iterate over non-array 1`] = `"Invalid FOR command (can only iterate over Array): FOR name IN companies"`;

exports[`throw when user tries to iterate over non-array 2`] = `"Invalid FOR command (can only iterate over Array): FOR name IN companies"`;
